07-11 18:59:58.667  1605  2252 D CompatibilityChangeReporter: Compat change id reported: 135754954; UID 10220; state: ENABLED
07-11 18:59:58.667  1605  1988 D CompatibilityChangeReporter: Compat change id reported: 143937733; UID 10220; state: ENABLED
07-11 18:59:58.693  1605  1988 I ActivityManager: Start proc 30414:com.motorola.camera3:JobMgrService/u0a220 for service {com.motorola.camera3/com.motorola.camera.background.service.jms.JobMgrService}
07-11 18:59:58.767  1605  2252 D CompatibilityChangeReporter: Compat change id reported: 135634846; UID 10209; state: DISABLED
07-11 18:59:58.767  1605  2252 D CompatibilityChangeReporter: Compat change id reported: 177438394; UID 10209; state: DISABLED
07-11 18:59:58.767  1605  2252 D CompatibilityChangeReporter: Compat change id reported: 135772972; UID 10209; state: DISABLED
07-11 18:59:58.767  1605  2252 D CompatibilityChangeReporter: Compat change id reported: 135754954; UID 10209; state: ENABLED
07-11 18:59:58.768  1605  1988 D CompatibilityChangeReporter: Compat change id reported: 143937733; UID 10209; state: ENABLED
07-11 18:59:58.796  1605  1988 I ActivityManager: Start proc 30423:com.google.android.googlequicksearchbox:search/u0a209 for content provider {com.google.android.googlequicksearchbox/com.google.android.apps.gsa.staticplugins.publiccontent.GsaPublicContentProvider}
07-11 18:59:58.815  1605  2252 I ActivityManager: appDiedLocked: app=ProcessRecord{3e10c76 30065:com.sec.android.app.shealth/u0a385} thread=android.os.BinderProxy@64b9eb9 fromBinderDied=true isKilledByAm=false reason=null
07-11 18:59:58.815  1605  2252 I ActivityManager: Process com.sec.android.app.shealth (pid 30065) has died: cch+25 CEM 
07-11 18:59:58.939  1605  4936 D CompatibilityChangeReporter: Compat change id reported: 168419799; UID 10209; state: DISABLED
07-11 18:59:58.990  1605  5842 I ActivityManager: appDiedLocked: app=ProcessRecord{489276f 26238:com.google.android.permissioncontroller/u0a313} thread=android.os.BinderProxy@3603cac fromBinderDied=true isKilledByAm=false reason=null
07-11 18:59:58.990  1605  5842 I ActivityManager: Process com.google.android.permissioncontroller (pid 26238) has died: cch+15 CEM 
07-11 18:59:58.998  1605  1948 W ActivityManager: setHasOverlayUi called on unknown pid: 26238
07-11 18:59:59.155  1605  1945 D CompanionDeviceManagerService: onPackageModified(packageName = com.motorola.dolby.dolbyui)
07-11 18:59:59.223  1605  1945 D CompatibilityChangeReporter: Compat change id reported: 135634846; UID 10313; state: DISABLED
07-11 18:59:59.223  1605  1945 D CompatibilityChangeReporter: Compat change id reported: 177438394; UID 10313; state: DISABLED
07-11 18:59:59.229  1605  1605 I Telecom : DefaultDialerCache: Refreshing default dialer for user 0: now com.google.android.dialer: DDC.oR@DS0
07-11 18:59:59.230  1605  1945 D CompatibilityChangeReporter: Compat change id reported: 135772972; UID 10313; state: DISABLED
07-11 18:59:59.230  1605  1945 D CompatibilityChangeReporter: Compat change id reported: 135754954; UID 10313; state: ENABLED
07-11 18:59:59.231  1605  1988 D CompatibilityChangeReporter: Compat change id reported: 143937733; UID 10313; state: ENABLED
07-11 18:59:59.258  1605  1988 I ActivityManager: Start proc 30442:com.google.android.permissioncontroller/u0a313 for service {com.google.android.permissioncontroller/com.android.permissioncontroller.permission.service.PermissionControllerServiceImpl}
07-11 18:59:59.379  1605  5692 I ActivityManager: appDiedLocked: app=ProcessRecord{a5fd0f9 30295:com.motorola.dolby.dolbyui/u0a155} thread=android.os.BinderProxy@c483361 fromBinderDied=true isKilledByAm=false reason=null
07-11 18:59:59.379  1605  5692 I ActivityManager: Process com.motorola.dolby.dolbyui (pid 30295) has died: cch+5 CEM 
07-11 18:59:59.381  1605  5692 W ActivityManager: Scheduling restart of crashed service com.motorola.dolby.dolbyui/.AudioEffectTileService in 1000ms for connection
07-11 18:59:59.507  1605  1945 W Looper  : Slow delivery took 200ms android.fg h=android.os.Handler c=<recycled PooledLambda@4531d12> m=0
07-11 18:59:59.616  1605  1945 W Looper  : Drained
07-11 18:59:59.673  1605  1945 W ContextImpl: Calling a method in the system process without a qualified user: android.app.ContextImpl.sendBroadcast:1199 com.android.server.location.provider.LocationProviderManager$LocationRegistration$1.test:1000 com.android.server.location.provider.LocationProviderManager$LocationRegistration$1.test:967 android.location.LocationResult.filter:191 com.android.server.location.provider.LocationProviderManager$LocationRegistration.acceptLocationChange:966 
07-11 18:59:59.676  1605  1945 W ContextImpl: Calling a method in the system process without a qualified user: android.app.ContextImpl.sendBroadcast:1199 com.android.server.location.provider.LocationProviderManager$LocationRegistration$1.test:1000 com.android.server.location.provider.LocationProviderManager$LocationRegistration$1.test:967 android.location.LocationResult.filter:191 com.android.server.location.provider.LocationProviderManager$LocationRegistration.acceptLocationChange:966 
07-11 18:59:59.678  1605  5692 I WindowManager: WIN DEATH: Window{56bc626 u0 (1-1)-Window{fad7158 alpha=1.0 fl=}}
07-11 18:59:59.679  1605  2252 I ActivityManager: appDiedLocked: app=ProcessRecord{790e173 26166:com.google.android.googlequicksearchbox:googleapp/u0a209} thread=android.os.BinderProxy@173ca55 fromBinderDied=true isKilledByAm=false reason=null
07-11 18:59:59.679  1605  2252 I ActivityManager: Process com.google.android.googlequicksearchbox:googleapp (pid 26166) has died: cch CACC
07-11 18:59:59.683  1605  2252 W ActivityManager: Scheduling restart of crashed service com.google.android.googlequicksearchbox/com.google.android.apps.gsa.nowoverlayservice.DrawerOverlayService in 10697ms for connection
07-11 18:59:59.689  1605  1945 W ContextImpl: Calling a method in the system process without a qualified user: android.app.ContextImpl.sendBroadcast:1199 com.android.server.location.provider.LocationProviderManager$LocationRegistration$1.test:1000 com.android.server.location.provider.LocationProviderManager$LocationRegistration$1.test:967 android.location.LocationResult.filter:191 com.android.server.location.provider.LocationProviderManager$LocationRegistration.acceptLocationChange:966 
07-11 18:59:59.702  1605  1948 W ActivityManager: setHasOverlayUi called on unknown pid: 26166
07-11 18:59:59.838  1605  5692 I ActivityManager: appDiedLocked: app=ProcessRecord{14c6e48 27355:com.google.android.apps.nbu.files/u0a190} thread=android.os.BinderProxy@7db355b fromBinderDied=true isKilledByAm=false reason=null
07-11 18:59:59.838  1605  5692 I ActivityManager: Process com.google.android.apps.nbu.files (pid 27355) has died: svcb CEM 
07-11 18:59:59.906  1605  2251 I ActivityManager: appDiedLocked: app=ProcessRecord{d733bd0 29144:com.android.vending/u0a183} thread=android.os.BinderProxy@d18eec2 fromBinderDied=true isKilledByAm=false reason=null
07-11 18:59:59.906  1605  2251 I ActivityManager: Process com.android.vending (pid 29144) has died: svcb SVC 
07-11 18:59:59.914  1605  2251 W ActivityManager: Scheduling restart of crashed service com.android.vending/com.google.android.finsky.billing.iab.InAppBillingService in 10466ms for connection
07-11 19:00:00.149  1605  5836 I ActivityManager: appDiedLocked: app=ProcessRecord{34804d6 26530:com.facebook.services/u0a196} thread=android.os.BinderProxy@d7ab810 fromBinderDied=true isKilledByAm=false reason=null
07-11 19:00:00.149  1605  5836 I ActivityManager: Process com.facebook.services (pid 26530) has died: svcb SVC 
07-11 19:00:00.150  1605  5836 W ActivityManager: Scheduling restart of crashed service com.facebook.services/com.facebook.oxygen.services.fbns.PreloadedFbnsService in 20230ms for start-requested
07-11 19:00:00.383  1605  1987 D CompatibilityChangeReporter: Compat change id reported: 135634846; UID 10155; state: DISABLED
07-11 19:00:00.383  1605  1987 D CompatibilityChangeReporter: Compat change id reported: 177438394; UID 10155; state: DISABLED
07-11 19:00:00.384  1605  1987 D CompatibilityChangeReporter: Compat change id reported: 135772972; UID 10155; state: DISABLED
07-11 19:00:00.384  1605  1987 D CompatibilityChangeReporter: Compat change id reported: 135754954; UID 10155; state: ENABLED
07-11 19:00:00.385  1605  1988 D CompatibilityChangeReporter: Compat change id reported: 143937733; UID 10155; state: ENABLED
07-11 19:00:00.395  1605  1988 I ActivityManager: Start proc 30469:com.motorola.dolby.dolbyui/u0a155 for service {com.motorola.dolby.dolbyui/com.motorola.dolby.dolbyui.AudioEffectTileService}
07-11 19:00:00.602  1605  5836 I ActivityManager: appDiedLocked: app=ProcessRecord{c0b012a 27270:com.android.vending:background/u0a183} thread=android.os.BinderProxy@f8e8c72 fromBinderDied=true isKilledByAm=false reason=null
07-11 19:00:00.602  1605  5836 I ActivityManager: Process com.android.vending:background (pid 27270) has died: cch+5 CEM 
07-11 19:00:00.736  1605  5839 I ActivityManager: appDiedLocked: app=ProcessRecord{aef93c9 26347:com.motorola.motocare/u0a280} thread=android.os.BinderProxy@d991735 fromBinderDied=true isKilledByAm=false reason=null
07-11 19:00:00.736  1605  5839 I ActivityManager: Process com.motorola.motocare (pid 26347) has died: svcb SVC 
07-11 19:00:00.738  1605  5839 W ActivityManager: Scheduling restart of crashed service com.motorola.motocare/.MotoCareService in 29643ms for start-requested
07-11 19:00:00.861  1605  1743 I ActivityManager: appDiedLocked: app=ProcessRecord{9636807 27088:com.motorola.carriersettingsext/u0a213} thread=android.os.BinderProxy@d3ef622 fromBinderDied=true isKilledByAm=false reason=null
07-11 19:00:00.861  1605  1743 I ActivityManager: Process com.motorola.carriersettingsext (pid 27088) has died: svcb SVC 
07-11 19:00:00.862  1605  1743 W ActivityManager: Scheduling restart of crashed service com.motorola.carriersettingsext/.dataroaming.DataRoamingPhoneStateService in 39519ms for start-requested
07-11 19:00:01.083  1605  5692 E BiometricService/AuthSession: Binder died, session: State: 7, cancelled: false, isCrypto: false, PreAuthInfo: BiometricRequested: true, StrengthRequested: 255, CredentialRequested: false, Eligible:{0 }, Ineligible:{ID(1008), oemStrength: 4095, updatedStrength: 4095, modality 8, state: 0, cookie: 0, props: ID: 1008, Strength: 0, Type: 1, SupportsFaceDetection: false:4 }, CredentialAvailable: true, , requestId: 2
07-11 19:00:01.084  1605  1743 I WindowManager: WIN DEATH: Window{6893528 u0 com.structech.app/com.structech.app.MainActivity}
07-11 19:00:01.084  1605  2567 I ActivityManager: appDiedLocked: app=ProcessRecord{851850f 28292:com.structech.app/u0a496} thread=android.os.BinderProxy@69cf834 fromBinderDied=true isKilledByAm=false reason=null
07-11 19:00:01.084  1605  2567 I ActivityManager: Process com.structech.app (pid 28292) has died: prev LAST
07-11 19:00:01.085  1605  1605 E BiometricService: handleClientDied: AuthSession is null
07-11 19:00:01.091  1605  2567 I ActivityManager: Killing 28382:com.google.android.webview:sandboxed_process0:org.chromium.content.app.SandboxedProcessService0:0/u0a496i97 (adj 0, setSvc -10000): isolated not needed
07-11 19:00:01.102  1605  1948 W ActivityManager: setHasOverlayUi called on unknown pid: 28292
07-11 19:00:01.210  1605  5845 I ActivityManager: appDiedLocked: app=ProcessRecord{19a30bb 28382:com.google.android.webview:sandboxed_process0:org.chromium.content.app.SandboxedProcessService0:0/u0a496i97} thread=android.os.BinderProxy@6a65415 fromBinderDied=true isKilledByAm=true reason=null
07-11 19:00:01.308  1605  2567 I ActivityManager: appDiedLocked: app=ProcessRecord{f135949 27172:com.google.process.gservices/u0a224} thread=android.os.BinderProxy@cedf0cd fromBinderDied=true isKilledByAm=false reason=null
07-11 19:00:01.308  1605  2567 I ActivityManager: Process com.google.process.gservices (pid 27172) has died: prev LAST
07-11 19:00:01.434  1605  1743 I ActivityManager: appDiedLocked: app=ProcessRecord{9bcf2c5 30469:com.motorola.dolby.dolbyui/u0a155} thread=android.os.BinderProxy@c2ef4d0 fromBinderDied=true isKilledByAm=false reason=null
07-11 19:00:01.434  1605  1743 I ActivityManager: Process com.motorola.dolby.dolbyui (pid 30469) has died: cch+5 CEM 
07-11 19:00:01.435  1605  1743 W ActivityManager: Scheduling restart of crashed service com.motorola.dolby.dolbyui/.AudioEffectTileService in 48946ms for connection
07-11 19:00:01.590  1605  2567 I ActivityManager: appDiedLocked: app=ProcessRecord{139ccb2 29052:org.telegram.messenger/u0a354} thread=android.os.BinderProxy@a9fdaa6 fromBinderDied=true isKilledByAm=false reason=null
07-11 19:00:01.590  1605  2567 I ActivityManager: Process org.telegram.messenger (pid 29052) has died: svc SVC 
07-11 19:00:01.590  1605  2567 W ActivityManager: Scheduling restart of crashed service org.telegram.messenger/.NotificationsService in 1000ms for start-requested
07-11 19:00:01.720  1605  2946 I ActivityManager: appDiedLocked: app=ProcessRecord{45cecbd 28402:com.google.android.ims/u0a177} thread=android.os.BinderProxy@fa66083 fromBinderDied=true isKilledByAm=false reason=null
07-11 19:00:01.720  1605  2946 I ActivityManager: Process com.google.android.ims (pid 28402) has died: svc SVC 
07-11 19:00:01.721  1605  2946 W ActivityManager: Scheduling restart of crashed service com.google.android.ims/.services.RcsService in 58660ms for start-requested
07-11 19:00:01.934  1605  5841 D CompatibilityChangeReporter: Compat change id reported: 135634846; UID 10209; state: DISABLED
07-11 19:00:01.935  1605  5841 D CompatibilityChangeReporter: Compat change id reported: 177438394; UID 10209; state: DISABLED
07-11 19:00:01.935  1605  5841 D CompatibilityChangeReporter: Compat change id reported: 135772972; UID 10209; state: DISABLED
07-11 19:00:01.935  1605  5841 D CompatibilityChangeReporter: Compat change id reported: 135754954; UID 10209; state: ENABLED
07-11 19:00:01.935  1605  1988 D CompatibilityChangeReporter: Compat change id reported: 143937733; UID 10209; state: ENABLED
07-11 19:00:01.946  1605  1988 I ActivityManager: Start proc 30513:com.google.android.googlequicksearchbox:googleapp/u0a209 for service {com.google.android.googlequicksearchbox/com.google.frameworks.client.data.android.server.tiktok.GoogleappProcessEndpointService}
07-11 19:00:02.126  1605  5841 D CompatibilityChangeReporter: Compat change id reported: 135634846; UID 10224; state: DISABLED
07-11 19:00:02.127  1605  5841 D CompatibilityChangeReporter: Compat change id reported: 177438394; UID 10224; state: DISABLED
07-11 19:00:02.127  1605  5841 D CompatibilityChangeReporter: Compat change id reported: 135772972; UID 10224; state: DISABLED
07-11 19:00:02.127  1605  5841 D CompatibilityChangeReporter: Compat change id reported: 135754954; UID 10224; state: ENABLED
07-11 19:00:02.128  1605  1988 D CompatibilityChangeReporter: Compat change id reported: 143937733; UID 10224; state: ENABLED
07-11 19:00:02.137  1605  1988 I ActivityManager: Start proc 30525:com.google.process.gservices/u0a224 for content provider {com.google.android.gsf/com.google.android.gsf.gservices.GservicesProvider}
07-11 19:00:02.324  1605  2933 W ActivityManager: Unable to start service Intent { act=com.google.android.gms.gservices.START pkg=com.google.android.gms } U=0: not found
07-11 19:00:02.328  1605  5841 W ActivityManager: Unbind failed: could not find connection for android.os.BinderProxy@3b3054a
07-11 19:00:02.441  1605  2933 D CompatibilityChangeReporter: Compat change id reported: 135634846; UID 10155; state: DISABLED
07-11 19:00:02.441  1605  2933 D CompatibilityChangeReporter: Compat change id reported: 177438394; UID 10155; state: DISABLED
07-11 19:00:02.441  1605  2933 D CompatibilityChangeReporter: Compat change id reported: 135772972; UID 10155; state: DISABLED
07-11 19:00:02.441  1605  2933 D CompatibilityChangeReporter: Compat change id reported: 135754954; UID 10155; state: ENABLED
07-11 19:00:02.442  1605  1988 D CompatibilityChangeReporter: Compat change id reported: 143937733; UID 10155; state: ENABLED
07-11 19:00:02.450  1605  1988 I ActivityManager: Start proc 30564:com.motorola.dolby.dolbyui/u0a155 for service {com.motorola.dolby.dolbyui/com.motorola.dolby.dolbyui.AudioEffectTileService}
07-11 19:00:02.591  1605  1987 D CompatibilityChangeReporter: Compat change id reported: 135634846; UID 10354; state: DISABLED
07-11 19:00:02.591  1605  1987 D CompatibilityChangeReporter: Compat change id reported: 177438394; UID 10354; state: DISABLED
07-11 19:00:02.591  1605  1987 D CompatibilityChangeReporter: Compat change id reported: 135772972; UID 10354; state: DISABLED
07-11 19:00:02.591  1605  1987 D CompatibilityChangeReporter: Compat change id reported: 135754954; UID 10354; state: ENABLED
07-11 19:00:02.592  1605  1988 D CompatibilityChangeReporter: Compat change id reported: 143937733; UID 10354; state: ENABLED
07-11 19:00:02.614  1605  1988 I ActivityManager: Start proc 30585:org.telegram.messenger/u0a354 for service {org.telegram.messenger/org.telegram.messenger.NotificationsService}
07-11 19:00:02.680  1605  2933 W ActivityManager: Stopping service due to app idle: u0a354 -39s966ms org.telegram.messenger/.NotificationsService
07-11 19:00:02.789  1605  1605 W InputMethodManagerService: Session failed to close due to remote exception
07-11 19:00:02.789  1605  1605 W InputMethodManagerService: android.os.DeadObjectException
07-11 19:00:02.789  1605  1605 W InputMethodManagerService: 	at android.os.BinderProxy.transactNative(Native Method)
07-11 19:00:02.789  1605  1605 W InputMethodManagerService: 	at android.os.BinderProxy.transact(BinderProxy.java:571)
07-11 19:00:02.789  1605  1605 W InputMethodManagerService: 	at com.android.internal.view.IInputMethodSession$Stub$Proxy.finishSession(IInputMethodSession.java:425)
07-11 19:00:02.789  1605  1605 W InputMethodManagerService: 	at com.android.server.inputmethod.InputMethodManagerService.finishSessionLocked(InputMethodManagerService.java:2841)
07-11 19:00:02.789  1605  1605 W InputMethodManagerService: 	at com.android.server.inputmethod.InputMethodManagerService.clearClientSessionLocked(InputMethodManagerService.java:2832)
07-11 19:00:02.789  1605  1605 W InputMethodManagerService: 	at com.android.server.inputmethod.InputMethodManagerService.clearCurMethodLocked(InputMethodManagerService.java:2859)
07-11 19:00:02.789  1605  1605 W InputMethodManagerService: 	at com.android.server.inputmethod.InputMethodManagerService.onServiceDisconnected(InputMethodManagerService.java:2888)
07-11 19:00:02.789  1605  1605 W InputMethodManagerService: 	at android.app.LoadedApk$ServiceDispatcher.doDeath(LoadedApk.java:2116)
07-11 19:00:02.789  1605  1605 W InputMethodManagerService: 	at android.app.LoadedApk$ServiceDispatcher$RunConnection.run(LoadedApk.java:2131)
07-11 19:00:02.789  1605  1605 W InputMethodManagerService: 	at android.os.Handler.handleCallback(Handler.java:978)
07-11 19:00:02.789  1605  1605 W InputMethodManagerService: 	at android.os.Handler.dispatchMessage(Handler.java:104)
07-11 19:00:02.789  1605  1605 W InputMethodManagerService: 	at android.os.Looper.loopOnce(Looper.java:238)
07-11 19:00:02.789  1605  1605 W InputMethodManagerService: 	at android.os.Looper.loop(Looper.java:357)
07-11 19:00:02.789  1605  1605 W InputMethodManagerService: 	at com.android.server.SystemServer.run(SystemServer.java:937)
07-11 19:00:02.789  1605  1605 W InputMethodManagerService: 	at com.android.server.SystemServer.main(SystemServer.java:633)
07-11 19:00:02.789  1605  1605 W InputMethodManagerService: 	at java.lang.reflect.Method.invoke(Native Method)
07-11 19:00:02.789  1605  1605 W InputMethodManagerService: 	at com.android.internal.os.RuntimeInit$MethodAndArgsCaller.run(RuntimeInit.java:548)
07-11 19:00:02.789  1605  1605 W InputMethodManagerService: 	at com.android.internal.os.ZygoteInit.main(ZygoteInit.java:1004)
07-11 19:00:02.789  1605  5838 I ActivityManager: appDiedLocked: app=ProcessRecord{42e8bb1 31069:com.google.android.inputmethod.latin/u0a240} thread=android.os.BinderProxy@4b276d9 fromBinderDied=true isKilledByAm=false reason=null
07-11 19:00:02.789  1605  5838 I ActivityManager: Process com.google.android.inputmethod.latin (pid 31069) has died: prcp IMPB
07-11 19:00:02.790  1605  1605 W InputMethodManagerService: Session failed to close due to remote exception
07-11 19:00:02.790  1605  1605 W InputMethodManagerService: android.os.DeadObjectException
07-11 19:00:02.790  1605  1605 W InputMethodManagerService: 	at android.os.BinderProxy.transactNative(Native Method)
07-11 19:00:02.790  1605  1605 W InputMethodManagerService: 	at android.os.BinderProxy.transact(BinderProxy.java:571)
07-11 19:00:02.790  1605  1605 W InputMethodManagerService: 	at com.android.internal.view.IInputMethodSession$Stub$Proxy.finishSession(IInputMethodSession.java:425)
07-11 19:00:02.790  1605  1605 W InputMethodManagerService: 	at com.android.server.inputmethod.InputMethodManagerService.finishSessionLocked(InputMethodManagerService.java:2841)
07-11 19:00:02.790  1605  1605 W InputMethodManagerService: 	at com.android.server.inputmethod.InputMethodManagerService.clearClientSessionLocked(InputMethodManagerService.java:2832)
07-11 19:00:02.790  1605  1605 W InputMethodManagerService: 	at com.android.server.inputmethod.InputMethodManagerService.clearCurMethodLocked(InputMethodManagerService.java:2859)
07-11 19:00:02.790  1605  1605 W InputMethodManagerService: 	at com.android.server.inputmethod.InputMethodManagerService.onServiceDisconnected(InputMethodManagerService.java:2888)
07-11 19:00:02.790  1605  1605 W InputMethodManagerService: 	at android.app.LoadedApk$ServiceDispatcher.doDeath(LoadedApk.java:2116)
07-11 19:00:02.790  1605  1605 W InputMethodManagerService: 	at android.app.LoadedApk$ServiceDispatcher$RunConnection.run(LoadedApk.java:2131)
07-11 19:00:02.790  1605  1605 W InputMethodManagerService: 	at android.os.Handler.handleCallback(Handler.java:978)
07-11 19:00:02.790  1605  1605 W InputMethodManagerService: 	at android.os.Handler.dispatchMessage(Handler.java:104)
07-11 19:00:02.790  1605  1605 W InputMethodManagerService: 	at android.os.Looper.loopOnce(Looper.java:238)
07-11 19:00:02.790  1605  1605 W InputMethodManagerService: 	at android.os.Looper.loop(Looper.java:357)
07-11 19:00:02.790  1605  1605 W InputMethodManagerService: 	at com.android.server.SystemServer.run(SystemServer.java:937)
07-11 19:00:02.790  1605  1605 W InputMethodManagerService: 	at com.android.server.SystemServer.main(SystemServer.java:633)
07-11 19:00:02.790  1605  1605 W InputMethodManagerService: 	at java.lang.reflect.Method.invoke(Native Method)
07-11 19:00:02.790  1605  1605 W InputMethodManagerService: 	at com.android.internal.os.RuntimeInit$MethodAndArgsCaller.run(RuntimeInit.java:548)
07-11 19:00:02.790  1605  1605 W InputMethodManagerService: 	at com.android.internal.os.ZygoteInit.main(ZygoteInit.java:1004)
07-11 19:00:02.790  1605  1605 W InputMethodManagerService: Session failed to close due to remote exception
07-11 19:00:02.790  1605  1605 W InputMethodManagerService: android.os.DeadObjectException
07-11 19:00:02.790  1605  1605 W InputMethodManagerService: 	at android.os.BinderProxy.transactNative(Native Method)
07-11 19:00:02.790  1605  1605 W InputMethodManagerService: 	at android.os.BinderProxy.transact(BinderProxy.java:571)
07-11 19:00:02.790  1605  1605 W InputMethodManagerService: 	at com.android.internal.view.IInputMethodSession$Stub$Proxy.finishSession(IInputMethodSession.java:425)
07-11 19:00:02.790  1605  1605 W InputMethodManagerService: 	at com.android.server.inputmethod.InputMethodManagerService.finishSessionLocked(InputMethodManagerService.java:2841)
07-11 19:00:02.790  1605  1605 W InputMethodManagerService: 	at com.android.server.inputmethod.InputMethodManagerService.clearClientSessionLocked(InputMethodManagerService.java:2832)
07-11 19:00:02.790  1605  1605 W InputMethodManagerService: 	at com.android.server.inputmethod.InputMethodManagerService.clearCurMethodLocked(InputMethodManagerService.java:2859)
07-11 19:00:02.790  1605  1605 W InputMethodManagerService: 	at com.android.server.inputmethod.InputMethodManagerService.onServiceDisconnected(InputMethodManagerService.java:2888)
07-11 19:00:02.790  1605  1605 W InputMethodManagerService: 	at android.app.LoadedApk$ServiceDispatcher.doDeath(LoadedApk.java:2116)
07-11 19:00:02.790  1605  1605 W InputMethodManagerService: 	at android.app.LoadedApk$ServiceDispatcher$RunConnection.run(LoadedApk.java:2131)
07-11 19:00:02.790  1605  1605 W InputMethodManagerService: 	at android.os.Handler.handleCallback(Handler.java:978)
07-11 19:00:02.790  1605  1605 W InputMethodManagerService: 	at android.os.Handler.dispatchMessage(Handler.java:104)
07-11 19:00:02.790  1605  1605 W InputMethodManagerService: 	at android.os.Looper.loopOnce(Looper.java:238)
07-11 19:00:02.790  1605  1605 W InputMethodManagerService: 	at android.os.Looper.loop(Looper.java:357)
07-11 19:00:02.790  1605  1605 W InputMethodManagerService: 	at com.android.server.SystemServer.run(SystemServer.java:937)
07-11 19:00:02.790  1605  1605 W InputMethodManagerService: 	at com.android.server.SystemServer.main(SystemServer.java:633)
07-11 19:00:02.790  1605  1605 W InputMethodManagerService: 	at java.lang.reflect.Method.invoke(Native Method)
07-11 19:00:02.790  1605  1605 W InputMethodManagerService: 	at com.android.internal.os.RuntimeInit$MethodAndArgsCaller.run(RuntimeInit.java:548)
07-11 19:00:02.790  1605  1605 W InputMethodManagerService: 	at com.android.internal.os.ZygoteInit.main(ZygoteInit.java:1004)
07-11 19:00:02.790  1605  2567 I WindowManager: WIN DEATH: Window{a46a9f3 u0 InputMethod}
07-11 19:00:02.802  1605  5838 W ActivityManager: Scheduling restart of crashed service com.google.android.inputmethod.latin/com.android.inputmethod.latin.LatinIME in 1000ms for connection
07-11 19:00:02.804  1605  1948 W ActivityManager: setHasOverlayUi called on unknown pid: 31069
07-11 19:00:02.920  1605  2265 D BatteryService: uevent={POWER_SUPPLY_VOLTAGE_NOW=3674941, POWER_SUPPLY_CHARGE_CONTROL_LIMIT_MAX=8, POWER_SUPPLY_TYPE=Battery, POWER_SUPPLY_HEALTH=Good, POWER_SUPPLY_TECHNOLOGY=Li-ion, POWER_SUPPLY_CHARGE_FULL_DESIGN=5112000, SEQNUM=135108, POWER_SUPPLY_CHARGE_CONTROL_LIMIT=0, POWER_SUPPLY_STATUS=Charging, POWER_SUPPLY_CURRENT_MAX=2900000, POWER_SUPPLY_CYCLE_COUNT=0, POWER_SUPPLY_CHARGE_TERM_CURRENT=-100, POWER_SUPPLY_CAPACITY=29, DEVPATH=/devices/platform/soc/1c40000.qcom,spmi/spmi-0/spmi0-02/1c40000.qcom,spmi:qcom,pm7250b@2:qcom,qpnp-smb5-mmi/power_supply/battery, POWER_SUPPLY_CHARGE_TYPE=Fast, POWER_SUPPLY_CHARGE_RATE=Normal, POWER_SUPPLY_INPUT_CURRENT_LIMIT=0, POWER_SUPPLY_CURRENT_NOW=-794373, POWER_SUPPLY_PRESENT=1, POWER_SUPPLY_CHARGE_FULL=4958000, POWER_SUPPLY_TIME_TO_FULL_NOW=128005, POWER_SUPPLY_CONSTANT_CHARGE_CURRENT=2900000, SUBSYSTEM=power_supply, POWER_SUPPLY_TEMP=339, ACTION=change, POWER_SUPPLY_NAME=battery, POWER_SUPPLY_VOLTAGE_MAX=-22, POWER_SUPPLY_CONSTANT_CHARGE_CURRENT_MAX=3000000, POWER_SUPPLY_CHARGE_COUNTER=1189920}
07-11 19:00:02.920  1605  2265 D BatteryService: uevent={POWER_SUPPLY_VOLTAGE_NOW=3674941, POWER_SUPPLY_CHARGE_CONTROL_LIMIT_MAX=8, POWER_SUPPLY_TYPE=Battery, POWER_SUPPLY_HEALTH=Good, POWER_SUPPLY_TECHNOLOGY=Li-ion, POWER_SUPPLY_CHARGE_FULL_DESIGN=5112000, SEQNUM=135108, POWER_SUPPLY_CHARGE_CONTROL_LIMIT=0, POWER_SUPPLY_STATUS=Charging, POWER_SUPPLY_CURRENT_MAX=2900000, POWER_SUPPLY_CYCLE_COUNT=0, POWER_SUPPLY_CHARGE_TERM_CURRENT=-100, POWER_SUPPLY_CAPACITY=29, DEVPATH=/devices/platform/soc/1c40000.qcom,spmi/spmi-0/spmi0-02/1c40000.qcom,spmi:qcom,pm7250b@2:qcom,qpnp-smb5-mmi/power_supply/battery, POWER_SUPPLY_CHARGE_TYPE=Fast, POWER_SUPPLY_CHARGE_RATE=Normal, POWER_SUPPLY_INPUT_CURRENT_LIMIT=0, POWER_SUPPLY_CURRENT_NOW=-794373, POWER_SUPPLY_PRESENT=1, POWER_SUPPLY_CHARGE_FULL=4958000, POWER_SUPPLY_TIME_TO_FULL_NOW=128005, POWER_SUPPLY_CONSTANT_CHARGE_CURRENT=2900000, SUBSYSTEM=power_supply, POWER_SUPPLY_TEMP=339, ACTION=change, POWER_SUPPLY_NAME=battery, POWER_SUPPLY_VOLTAGE_MAX=-22, POWER_SUPPLY_CONSTANT_CHARGE_CURRENT_MAX=3000000, POWER_SUPPLY_CHARGE_COUNTER=1189920}
07-11 19:00:02.921  1605  2265 D BatteryService: uevent={POWER_SUPPLY_VOLTAGE_NOW=3674941, POWER_SUPPLY_CHARGE_CONTROL_LIMIT_MAX=8, POWER_SUPPLY_TYPE=Battery, POWER_SUPPLY_HEALTH=Good, POWER_SUPPLY_TECHNOLOGY=Li-ion, POWER_SUPPLY_CHARGE_FULL_DESIGN=5112000, SEQNUM=135109, POWER_SUPPLY_CHARGE_CONTROL_LIMIT=0, POWER_SUPPLY_STATUS=Charging, POWER_SUPPLY_CURRENT_MAX=2900000, POWER_SUPPLY_CYCLE_COUNT=0, POWER_SUPPLY_CHARGE_TERM_CURRENT=-100, POWER_SUPPLY_CAPACITY=29, DEVPATH=/devices/platform/soc/1c40000.qcom,spmi/spmi-0/spmi0-02/1c40000.qcom,spmi:qcom,pm7250b@2:qcom,qpnp-smb5-mmi/power_supply/battery, POWER_SUPPLY_CHARGE_TYPE=Fast, POWER_SUPPLY_INPUT_CURRENT_LIMIT=0, POWER_SUPPLY_CURRENT_NOW=-794373, POWER_SUPPLY_PRESENT=1, POWER_SUPPLY_CHARGE_FULL=4958000, POWER_SUPPLY_TIME_TO_FULL_NOW=128005, POWER_SUPPLY_CONSTANT_CHARGE_CURRENT=2900000, SUBSYSTEM=power_supply, POWER_SUPPLY_TEMP=338, ACTION=change, POWER_SUPPLY_NAME=battery, POWER_SUPPLY_VOLTAGE_MAX=-22, POWER_SUPPLY_CONSTANT_CHARGE_CURRENT_MAX=3000000, POWER_SUPPLY_CHARGE_COUNTER=1189920}
07-11 19:00:02.921  1605  2265 D BatteryService: uevent={POWER_SUPPLY_VOLTAGE_NOW=3674941, POWER_SUPPLY_CHARGE_CONTROL_LIMIT_MAX=8, POWER_SUPPLY_TYPE=Battery, POWER_SUPPLY_HEALTH=Good, POWER_SUPPLY_TECHNOLOGY=Li-ion, POWER_SUPPLY_CHARGE_FULL_DESIGN=5112000, SEQNUM=135109, POWER_SUPPLY_CHARGE_CONTROL_LIMIT=0, POWER_SUPPLY_STATUS=Charging, POWER_SUPPLY_CURRENT_MAX=2900000, POWER_SUPPLY_CYCLE_COUNT=0, POWER_SUPPLY_CHARGE_TERM_CURRENT=-100, POWER_SUPPLY_CAPACITY=29, DEVPATH=/devices/platform/soc/1c40000.qcom,spmi/spmi-0/spmi0-02/1c40000.qcom,spmi:qcom,pm7250b@2:qcom,qpnp-smb5-mmi/power_supply/battery, POWER_SUPPLY_CHARGE_TYPE=Fast, POWER_SUPPLY_INPUT_CURRENT_LIMIT=0, POWER_SUPPLY_CURRENT_NOW=-794373, POWER_SUPPLY_PRESENT=1, POWER_SUPPLY_CHARGE_FULL=4958000, POWER_SUPPLY_TIME_TO_FULL_NOW=128005, POWER_SUPPLY_CONSTANT_CHARGE_CURRENT=2900000, SUBSYSTEM=power_supply, POWER_SUPPLY_TEMP=338, ACTION=change, POWER_SUPPLY_NAME=battery, POWER_SUPPLY_VOLTAGE_MAX=-22, POWER_SUPPLY_CONSTANT_CHARGE_CURRENT_MAX=3000000, POWER_SUPPLY_CHARGE_COUNTER=1189920}
07-11 19:00:02.940  1605  2927 I ActivityManager: appDiedLocked: app=ProcessRecord{ba36784 30564:com.motorola.dolby.dolbyui/u0a155} thread=android.os.BinderProxy@f16f0aa fromBinderDied=true isKilledByAm=false reason=null
07-11 19:00:02.940  1605  2927 I ActivityManager: Process com.motorola.dolby.dolbyui (pid 30564) has died: cch+5 CEM 
07-11 19:00:02.942  1605  2927 W ActivityManager: Scheduling restart of crashed service com.motorola.dolby.dolbyui/.AudioEffectTileService in 67439ms for connection
07-11 19:00:03.402 30585 30585 I ActivityThread: handleStopService: token=android.os.BinderProxy@2d9ff89 not found.
07-11 19:00:03.537 29715 30248 E ActivityThread: Failed to find provider info for com.google.vr.apps.ornament.app.lens.StickersAvailabilityProvider
07-11 19:00:03.660  1605  2927 D CompatibilityChangeReporter: Compat change id reported: 135634846; UID 10220; state: DISABLED
07-11 19:00:03.660  1605  2927 D CompatibilityChangeReporter: Compat change id reported: 177438394; UID 10220; state: DISABLED
07-11 19:00:03.661  1605  2927 D CompatibilityChangeReporter: Compat change id reported: 135772972; UID 10220; state: DISABLED
07-11 19:00:03.661  1605  2927 D CompatibilityChangeReporter: Compat change id reported: 135754954; UID 10220; state: ENABLED
07-11 19:00:03.661  1605  1988 D CompatibilityChangeReporter: Compat change id reported: 143937733; UID 10220; state: ENABLED
07-11 19:00:03.673  1605  1988 I ActivityManager: Start proc 30649:com.motorola.camera3:postProcService/u0a220 for service {com.motorola.camera3/com.motorola.camera.background.coprocessor.postproc.PostProcService}
07-11 19:00:03.804  1605  1987 D CompatibilityChangeReporter: Compat change id reported: 177438394; UID 10240; state: DISABLED
07-11 19:00:03.804  1605  1987 D CompatibilityChangeReporter: Compat change id reported: 135772972; UID 10240; state: DISABLED
07-11 19:00:03.804  1605  1987 D CompatibilityChangeReporter: Compat change id reported: 135754954; UID 10240; state: ENABLED
07-11 19:00:03.805  1605  1988 D CompatibilityChangeReporter: Compat change id reported: 143937733; UID 10240; state: ENABLED
07-11 19:00:03.820  1605  1988 I ActivityManager: Start proc 30674:com.google.android.inputmethod.latin/u0a240 for service {com.google.android.inputmethod.latin/com.android.inputmethod.latin.LatinIME}
07-11 19:00:03.890  1605  5838 D CompatibilityChangeReporter: Compat change id reported: 168419799; UID 10240; state: DISABLED
07-11 19:00:03.939  1605  5838 D CompatibilityChangeReporter: Compat change id reported: 135634846; UID 10155; state: DISABLED
07-11 19:00:03.939  1605  5838 D CompatibilityChangeReporter: Compat change id reported: 177438394; UID 10155; state: DISABLED
07-11 19:00:03.939  1605  5838 D CompatibilityChangeReporter: Compat change id reported: 135772972; UID 10155; state: DISABLED
07-11 19:00:03.939  1605  5838 D CompatibilityChangeReporter: Compat change id reported: 135754954; UID 10155; state: ENABLED
07-11 19:00:03.942  1605  1988 D CompatibilityChangeReporter: Compat change id reported: 143937733; UID 10155; state: ENABLED
07-11 19:00:03.952  1605  1988 I ActivityManager: Start proc 30701:com.motorola.dolby.dolbyui/u0a155 for service {com.motorola.dolby.dolbyui/com.motorola.dolby.dolbyui.AudioEffectTileService}
07-11 19:00:04.098  1605  5846 I ActivityManager: com.android.vending is exempt from freezer
07-11 19:00:04.098  1605  5846 D CompatibilityChangeReporter: Compat change id reported: 135634846; UID 10183; state: DISABLED
07-11 19:00:04.098  1605  5841 D CompatibilityChangeReporter: Compat change id reported: 157233955; UID 10354; state: ENABLED
07-11 19:00:04.098  1605  5846 D CompatibilityChangeReporter: Compat change id reported: 177438394; UID 10183; state: DISABLED
07-11 19:00:04.098  1605  5846 D CompatibilityChangeReporter: Compat change id reported: 135772972; UID 10183; state: DISABLED
07-11 19:00:04.098  1605  5846 D CompatibilityChangeReporter: Compat change id reported: 135754954; UID 10183; state: ENABLED
07-11 19:00:04.099  1605  1988 D CompatibilityChangeReporter: Compat change id reported: 143937733; UID 10183; state: ENABLED
07-11 19:00:04.109  1605  5846 W ActivityManager: Service done with onDestroy, but executeNesting=2: ServiceRecord{ef4073f u0 org.telegram.messenger/.NotificationsService}
07-11 19:00:04.114  1605  5841 W ActivityManager: Background start not allowed: service Intent { cmp=org.telegram.messenger/.NotificationsService } to org.telegram.messenger/.NotificationsService from pid=30585 uid=10354 pkg=org.telegram.messenger startFg?=false
07-11 19:00:04.134  1605  1988 I ActivityManager: Start proc 30722:com.android.vending/u0a183 for service {com.android.vending/com.google.android.finsky.billing.iab.InAppBillingService}
07-11 19:00:04.562  1605  2567 D CompatibilityChangeReporter: Compat change id reported: 135634846; UID 10496; state: DISABLED
07-11 19:00:04.581  1605  2567 D CompatibilityChangeReporter: Compat change id reported: 177438394; UID 10496; state: DISABLED
07-11 19:00:04.581  1605  2567 D CompatibilityChangeReporter: Compat change id reported: 135772972; UID 10496; state: DISABLED
07-11 19:00:04.581  1605  2567 D CompatibilityChangeReporter: Compat change id reported: 135754954; UID 10496; state: ENABLED
07-11 19:00:04.581  1605  1988 D CompatibilityChangeReporter: Compat change id reported: 143937733; UID 10496; state: ENABLED
07-11 19:00:04.603  1605  1988 I ActivityManager: Start proc 30755:com.structech.app/u0a496 for content provider {com.structech.app/androidx.core.content.FileProvider}
07-11 19:00:04.830  1605  5846 I ActivityManager: appDiedLocked: app=ProcessRecord{5b78aab 30585:org.telegram.messenger/u0a354} thread=android.os.BinderProxy@8867865 fromBinderDied=true isKilledByAm=false reason=null
07-11 19:00:04.830  1605  5846 I ActivityManager: Process org.telegram.messenger (pid 30585) has died: cch+5 CEM 
07-11 19:00:05.245  1605  1986 W UsageStatsService: Unexpected activity event reported! (com.structech.app/com.structech.app.MainActivity event : 23 instanceId : 219854571)
07-11 19:00:05.717  1605  2174 W PackageSettings: Skipping PackageSetting{c70f056 com.example.onecard_app/10331} due to missing metadata
07-11 19:00:05.924  1605  2948 D CompatibilityChangeReporter: Compat change id reported: 168419799; UID 10496; state: DISABLED
07-11 19:00:05.957  1605  1948 I DisplayDeviceRepository: Display device changed: DisplayDeviceInfo{"Pantalla integrada": uniqueId="local:4630946747577212033", 1080 x 2460, modeId 2, defaultModeId 1, supportedModes [{id=1, width=1080, height=2460, fps=60.000004, alternativeRefreshRates=[90.0, 120.00001]}, {id=2, width=1080, height=2460, fps=120.00001, alternativeRefreshRates=[60.000004, 90.0]}, {id=3, width=1080, height=2460, fps=90.0, alternativeRefreshRates=[60.000004, 120.00001]}], supportedReadyForModes [], colorMode 0, supportedColorModes [0, 7], hdrCapabilities HdrCapabilities{mSupportedHdrTypes=[], mMaxLuminance=500.0, mMaxAverageLuminance=500.0, mMinLuminance=0.0}, allmSupported false, gameContentTypeSupported false, density 400, 397.565 x 395.468 dpi, appVsyncOff 1000000, presDeadline 13333333, cutout DisplayCutout{insets=Rect(0, 115 - 0, 0) waterfall=Insets{left=0, top=0, right=0, bottom=0} boundingRect={Bounds=[Rect(0, 0 - 0, 0), Rect(498, 0 - 582, 115), Rect(0, 0 - 0, 0), Rect(0, 0 - 0, 0)]} cutoutPathParserInfo={CutoutPathParserInfo{displayWidth=1080 displayHeight=2460 density={2.5} cutoutSpec={M 42,0 L -42,0 L -42,115 L 42,115 Z} rotation={0} scale={1.0}}}}, touch INTERNAL, rotation 0, type INTERNAL, address {port=129, model=0x40446d87f7171c}, deviceProductInfo DeviceProductInfo{name=, manufacturerPnpId=QCM, productId=1, modelYear=null, manufactureDate=ManufactureDate{week=27, year=2006}, connectionToSinkType=0}, state ON, frameRateOverride , brightnessMinimum 0.0, brightnessMaximum 1.0, brightnessDefault 0.43700787, roundedCorners RoundedCorners{[RoundedCorner{position=TopLeft, radius=60, center=Point(60, 60)}, RoundedCorner{position=TopRight, radius=60, center=Point(1020, 60)}, RoundedCorner{position=BottomRight, radius=60, center=Point(1020, 2400)}, RoundedCorner{position=BottomLeft, radius=60, center=Point(60, 2400)}]}, FLAG_DEFAULT_DISPLAY, FLAG_ROTATES_WITH_CONTENT, FLAG_SECURE, FLAG_SUPPORTS_PROTECTED_BUFFERS}
07-11 19:00:06.051  1605  1945 W Looper  : Slow dispatch took 153ms android.fg h=android.os.Handler c=com.android.server.location.provider.AbstractLocationProvider$Controller$$ExternalSyntheticLambda1@a6fca86 m=0
07-11 19:00:06.094  1605  2464 W ContextImpl: Calling a method in the system process without a qualified user: android.app.ContextImpl.sendBroadcast:1199 com.android.server.location.gnss.GnssStatusProvider.onReportStatus:165 com.android.server.location.gnss.hal.GnssNative.lambda$reportStatus$1$GnssNative:980 com.android.server.location.gnss.hal.GnssNative$$ExternalSyntheticLambda3.runOrThrow:4 android.os.Binder.withCleanCallingIdentity:398 
07-11 19:00:06.154  1605  5846 D CompatibilityChangeReporter: Compat change id reported: 319212206; UID 10183; state: ENABLED
07-11 19:00:06.156  1605  1605 W Looper  : Slow dispatch took 194ms main h=com.android.providers.settings.SettingsProvider$SettingsRegistry$MyHandler c=null m=1
07-11 19:00:06.158  1605  2948 V WindowManager: Changing focus of displayId=0 to null from Window{47cded7 u0 com.motorola.camera3/com.motorola.camera.Camera}
07-11 19:00:06.159  1605  2948 D CompatibilityChangeReporter: Compat change id reported: 181136395; UID 10496; state: DISABLED
07-11 19:00:06.162  1605  2948 D CompatibilityChangeReporter: Compat change id reported: 174042936; UID 10496; state: DISABLED
07-11 19:00:06.168  1605  5838 D CompatibilityChangeReporter: Compat change id reported: 135634846; UID 10224; state: DISABLED
07-11 19:00:06.169  1605  5838 D CompatibilityChangeReporter: Compat change id reported: 177438394; UID 10224; state: DISABLED
07-11 19:00:06.169  1605  5838 D CompatibilityChangeReporter: Compat change id reported: 135772972; UID 10224; state: DISABLED
07-11 19:00:06.169  1605  5838 D CompatibilityChangeReporter: Compat change id reported: 135754954; UID 10224; state: ENABLED
07-11 19:00:06.169  1605  1988 D CompatibilityChangeReporter: Compat change id reported: 143937733; UID 10224; state: ENABLED
07-11 19:00:06.181  1605  2933 W ProcessStats: Tracking association SourceState{b8462a9 com.motorola.camera3:JobMgrService/10220 BTopFgs #274109} whose proc state 2 is better than process ProcessState{523b02e com.motorola.camera3/10220 pkg=com.motorola.camera3} proc state 3 (1 skipped)
07-11 19:00:06.200  1605  1988 I ActivityManager: Start proc 30878:com.google.process.gapps/u0a224 for content provider {com.google.android.gsf/com.google.android.gsf.settings.GoogleSettingsProvider}
07-11 19:00:06.262  1605  1949 I WindowManager: SURFACE SHOW Surface(name=Splash Screen com.structech.app)/@0x1b66d46 on display:0
07-11 19:00:06.264  1605  1949 I WindowManager: SURFACE hide Surface(name=com.motorola.camera3/com.motorola.camera.Camera)/@0xb442b51 on display:0
07-11 19:00:06.291  1605  2159 V DisplayPowerController[0]: Brightness [0.18868513] reason changing to: 'manual', previous reason: 'override'.
07-11 19:00:06.292  1605  2159 V DisplayPowerController[0]: Brightness [0.17843024] reason changing to: 'automatic', previous reason: 'manual'.
07-11 19:00:06.345  1605  2933 D CompatibilityChangeReporter: Compat change id reported: 168419799; UID 10224; state: DISABLED
07-11 19:00:06.359  1605  5851 D CompatibilityChangeReporter: Compat change id reported: 171306433; UID 10224; state: ENABLED
07-11 19:00:06.552  1605  5838 I ActivityManager: appDiedLocked: app=ProcessRecord{24e3844 30649:com.motorola.camera3:postProcService/u0a220} thread=android.os.BinderProxy@5126519 fromBinderDied=true isKilledByAm=false reason=null
07-11 19:00:06.552  1605  5838 I ActivityManager: Process com.motorola.camera3:postProcService (pid 30649) has died: cch+5 CEM 
07-11 19:00:06.767  1605  5839 D CompatibilityChangeReporter: Compat change id reported: 168419799; UID 10155; state: DISABLED
07-11 19:00:06.827  1605  2527 D CompatibilityChangeReporter: Compat change id reported: 168419799; UID 10224; state: DISABLED
07-11 19:00:06.891  1605  5851 D CompatibilityChangeReporter: Compat change id reported: 168419799; UID 10240; state: DISABLED
07-11 19:00:07.083  1605  5851 D CompatibilityChangeReporter: Compat change id reported: 135634846; UID 10496; state: DISABLED
07-11 19:00:07.083  1605  5851 D CompatibilityChangeReporter: Compat change id reported: 177438394; UID 10496; state: DISABLED
07-11 19:00:07.083  1605  5851 D CompatibilityChangeReporter: Compat change id reported: 135772972; UID 10496; state: DISABLED
07-11 19:00:07.083  1605  5851 D CompatibilityChangeReporter: Compat change id reported: 135754954; UID 10496; state: ENABLED
07-11 19:00:07.083  1605  1988 D CompatibilityChangeReporter: Compat change id reported: 143937733; UID 10496; state: ENABLED
07-11 19:00:07.109  1605  1988 I ActivityManager: Start proc 30964:com.google.android.webview:sandboxed_process0:org.chromium.content.app.SandboxedProcessService0:0/u0i98 for  {com.structech.app/org.chromium.content.app.SandboxedProcessService0:0}
07-11 19:00:07.190  1605  1743 D CompatibilityChangeReporter: Compat change id reported: 135634846; UID 10280; state: DISABLED
07-11 19:00:07.190  1605  1743 D CompatibilityChangeReporter: Compat change id reported: 177438394; UID 10280; state: DISABLED
07-11 19:00:07.190  1605  1743 D CompatibilityChangeReporter: Compat change id reported: 135772972; UID 10280; state: DISABLED
07-11 19:00:07.190  1605  1743 D CompatibilityChangeReporter: Compat change id reported: 135754954; UID 10280; state: ENABLED
07-11 19:00:07.191  1605  1988 D CompatibilityChangeReporter: Compat change id reported: 143937733; UID 10280; state: ENABLED
07-11 19:00:07.207  1605  1988 I ActivityManager: Start proc 30984:com.motorola.motocare/u0a280 for broadcast {com.motorola.motocare/com.motorola.motocare.MotoCareReceiver}
07-11 19:00:07.239  1605  5851 D CompatibilityChangeReporter: Compat change id reported: 319212206; UID 10240; state: ENABLED
07-11 19:00:07.491  1605  1743 D CompatibilityChangeReporter: Compat change id reported: 168419799; UID 10209; state: DISABLED
07-11 19:00:07.512  1605  5851 D CompatibilityChangeReporter: Compat change id reported: 135634846; UID 10354; state: DISABLED
07-11 19:00:07.512  1605  5851 D CompatibilityChangeReporter: Compat change id reported: 177438394; UID 10354; state: DISABLED
07-11 19:00:07.512  1605  5851 D CompatibilityChangeReporter: Compat change id reported: 135772972; UID 10354; state: DISABLED
07-11 19:00:07.512  1605  5851 D CompatibilityChangeReporter: Compat change id reported: 135754954; UID 10354; state: ENABLED
07-11 19:00:07.512  1605  1988 D CompatibilityChangeReporter: Compat change id reported: 143937733; UID 10354; state: ENABLED
07-11 19:00:07.520  1605  1988 I ActivityManager: Start proc 31017:org.telegram.messenger/u0a354 for broadcast {org.telegram.messenger/org.telegram.messenger.AppStartReceiver}
07-11 19:00:07.556  1605  1743 D CompatibilityChangeReporter: Compat change id reported: 168419799; UID 10354; state: DISABLED
07-11 19:00:07.751  1605  5851 D CompatibilityChangeReporter: Compat change id reported: 171306433; UID 10280; state: ENABLED
07-11 19:00:07.862  1605  5851 V UserManagerService: dumpPackageWhitelistProblems(): using mode ENFORCE|IMPLICIT_WHITELIST
07-11 19:00:07.926  1605  1945 D CompanionDeviceManagerService: onPackageModified(packageName = com.motorola.dolby.dolbyui)
07-11 19:00:07.985  1605  1605 I Telecom : DefaultDialerCache: Refreshing default dialer for user 0: now com.google.android.dialer: DDC.oR@DTA
07-11 19:00:08.053  1605  2265 D BatteryService: uevent={POWER_SUPPLY_VOLTAGE_NOW=3764279, POWER_SUPPLY_CHARGE_CONTROL_LIMIT_MAX=8, POWER_SUPPLY_TYPE=Battery, POWER_SUPPLY_HEALTH=Good, POWER_SUPPLY_TECHNOLOGY=Li-ion, POWER_SUPPLY_CHARGE_FULL_DESIGN=5112000, SEQNUM=135141, POWER_SUPPLY_CHARGE_CONTROL_LIMIT=3, POWER_SUPPLY_STATUS=Charging, POWER_SUPPLY_CURRENT_MAX=1500000, POWER_SUPPLY_CYCLE_COUNT=0, POWER_SUPPLY_CHARGE_TERM_CURRENT=-100, POWER_SUPPLY_CAPACITY=29, DEVPATH=/devices/platform/soc/1c40000.qcom,spmi/spmi-0/spmi0-02/1c40000.qcom,spmi:qcom,pm7250b@2:qcom,qpnp-smb5-mmi/power_supply/battery, POWER_SUPPLY_CHARGE_TYPE=Fast, POWER_SUPPLY_CHARGE_RATE=Normal, POWER_SUPPLY_INPUT_CURRENT_LIMIT=0, POWER_SUPPLY_CURRENT_NOW=-103759, POWER_SUPPLY_PRESENT=1, POWER_SUPPLY_CHARGE_FULL=4958000, POWER_SUPPLY_TIME_TO_FULL_NOW=127995, POWER_SUPPLY_CONSTANT_CHARGE_CURRENT=1500000, SUBSYSTEM=power_supply, POWER_SUPPLY_TEMP=339, ACTION=change, POWER_SUPPLY_NAME=battery, POWER_SUPPLY_VOLTAGE_MAX=-22, POWER_SUPPLY_CONSTANT_CHARGE_CURRENT_MAX=3000000, POWER_SUPPLY_CHARGE_COUNTER=1189920}
07-11 19:00:08.053  1605  2265 D BatteryService: uevent={POWER_SUPPLY_VOLTAGE_NOW=3764279, POWER_SUPPLY_CHARGE_CONTROL_LIMIT_MAX=8, POWER_SUPPLY_TYPE=Battery, POWER_SUPPLY_HEALTH=Good, POWER_SUPPLY_TECHNOLOGY=Li-ion, POWER_SUPPLY_CHARGE_FULL_DESIGN=5112000, SEQNUM=135141, POWER_SUPPLY_CHARGE_CONTROL_LIMIT=3, POWER_SUPPLY_STATUS=Charging, POWER_SUPPLY_CURRENT_MAX=1500000, POWER_SUPPLY_CYCLE_COUNT=0, POWER_SUPPLY_CHARGE_TERM_CURRENT=-100, POWER_SUPPLY_CAPACITY=29, DEVPATH=/devices/platform/soc/1c40000.qcom,spmi/spmi-0/spmi0-02/1c40000.qcom,spmi:qcom,pm7250b@2:qcom,qpnp-smb5-mmi/power_supply/battery, POWER_SUPPLY_CHARGE_TYPE=Fast, POWER_SUPPLY_CHARGE_RATE=Normal, POWER_SUPPLY_INPUT_CURRENT_LIMIT=0, POWER_SUPPLY_CURRENT_NOW=-103759, POWER_SUPPLY_PRESENT=1, POWER_SUPPLY_CHARGE_FULL=4958000, POWER_SUPPLY_TIME_TO_FULL_NOW=127995, POWER_SUPPLY_CONSTANT_CHARGE_CURRENT=1500000, SUBSYSTEM=power_supply, POWER_SUPPLY_TEMP=339, ACTION=change, POWER_SUPPLY_NAME=battery, POWER_SUPPLY_VOLTAGE_MAX=-22, POWER_SUPPLY_CONSTANT_CHARGE_CURRENT_MAX=3000000, POWER_SUPPLY_CHARGE_COUNTER=1189920}
07-11 19:00:08.060  1605  2265 D BatteryService: uevent={POWER_SUPPLY_VOLTAGE_NOW=3764279, POWER_SUPPLY_CHARGE_CONTROL_LIMIT_MAX=8, POWER_SUPPLY_TYPE=Battery, POWER_SUPPLY_HEALTH=Good, POWER_SUPPLY_TECHNOLOGY=Li-ion, POWER_SUPPLY_CHARGE_FULL_DESIGN=5112000, SEQNUM=135142, POWER_SUPPLY_CHARGE_CONTROL_LIMIT=3, POWER_SUPPLY_STATUS=Charging, POWER_SUPPLY_CURRENT_MAX=1500000, POWER_SUPPLY_CYCLE_COUNT=0, POWER_SUPPLY_CHARGE_TERM_CURRENT=-100, POWER_SUPPLY_CAPACITY=29, DEVPATH=/devices/platform/soc/1c40000.qcom,spmi/spmi-0/spmi0-02/1c40000.qcom,spmi:qcom,pm7250b@2:qcom,qpnp-smb5-mmi/power_supply/battery, POWER_SUPPLY_CHARGE_TYPE=Fast, POWER_SUPPLY_INPUT_CURRENT_LIMIT=0, POWER_SUPPLY_CURRENT_NOW=-103759, POWER_SUPPLY_PRESENT=1, POWER_SUPPLY_CHARGE_FULL=4958000, POWER_SUPPLY_TIME_TO_FULL_NOW=127995, POWER_SUPPLY_CONSTANT_CHARGE_CURRENT=1500000, SUBSYSTEM=power_supply, POWER_SUPPLY_TEMP=339, ACTION=change, POWER_SUPPLY_NAME=battery, POWER_SUPPLY_VOLTAGE_MAX=-22, POWER_SUPPLY_CONSTANT_CHARGE_CURRENT_MAX=3000000, POWER_SUPPLY_CHARGE_COUNTER=1189920}
